 KalmanPosition_mex

 Timestamp is 50b8725c (Fri Nov 30 09:46:20 2012)

 Preferred load address is 0000000180000000

 Start         Length     Name                   Class
 0001:00000000 00001fe2H .text                   CODE
 0001:00001ff0 00000092H .text$x                 CODE
 0002:00000000 000001e0H .idata$5                DATA
 0002:000001e0 00000008H .CRT$XCA                DATA
 0002:000001e8 00000008H .CRT$XCZ                DATA
 0002:000001f0 00000008H .CRT$XIA                DATA
 0002:000001f8 00000008H .CRT$XIAA               DATA
 0002:00000200 00000008H .CRT$XIZ                DATA
 0002:00000210 00000488H .rdata                  DATA
 0002:00000698 00000008H .rtc$IAA                DATA
 0002:000006a0 00000008H .rtc$IZZ                DATA
 0002:000006a8 00000008H .rtc$TAA                DATA
 0002:000006b0 00000008H .rtc$TZZ                DATA
 0002:000006b8 000001f4H .xdata                  DATA
 0002:000008ac 00000078H .idata$2                DATA
 0002:00000924 00000014H .idata$3                DATA
 0002:00000938 000001e0H .idata$4                DATA
 0002:00000b18 00000478H .idata$6                DATA
 0002:00000f90 000000d8H .edata                  DATA
 0003:00000000 00000158H .data                   DATA
 0003:00000160 000005b8H .bss                    DATA
 0004:00000000 00000180H .pdata                  DATA

  Address         Publics by Value              Rva+Base               Lib:Object

 0000:00000000       ___safe_se_handler_count   0000000000000000     <absolute>
 0000:00000000       ___safe_se_handler_table   0000000000000000     <absolute>
 0000:00000000       __ImageBase                0000000180000000     <linker-defined>
 0001:00000000       KalmanPosition_initialize  0000000180001000 f   KalmanPosition_initialize.obj
 0001:00000030       KalmanPosition_atexit      0000000180001030 f   KalmanPosition_terminate.obj
 0001:00000060       KalmanPosition_terminate   0000000180001060 f   KalmanPosition_terminate.obj
 0001:00000070       KalmanPosition             0000000180001070 f   KalmanPosition.obj
 0001:00000e40       KalmanPosition_api         0000000180001e40 f   KalmanPosition_api.obj
 0001:00001430       KalmanPosition_atexit_wrapper 0000000180002430 f   KalmanPosition_mex.obj
 0001:00001440       mexFunction                0000000180002440 f   KalmanPosition_mex.obj
 0001:000014b0       emlrtMexFcnProperties      00000001800024b0 f   KalmanPosition_mex.obj
 0001:000015ea       mxGetData                  00000001800025ea f   libmx:libmx.dll
 0001:000015f0       mxCreateNumericArray_700   00000001800025f0 f   libmx:libmx.dll
 0001:000015f6       mxCreateDoubleScalar       00000001800025f6 f   libmx:libmx.dll
 0001:000015fc       mxSetFieldByNumber_700     00000001800025fc f   libmx:libmx.dll
 0001:00001602       mxCreateString             0000000180002602 f   libmx:libmx.dll
 0001:00001608       mxCreateLogicalMatrix_700  0000000180002608 f   libmx:libmx.dll
 0001:0000160e       mxCreateStructMatrix_700   000000018000260e f   libmx:libmx.dll
 0001:00001614       mexErrMsgIdAndTxt          0000000180002614 f   libmex:libmex.dll
 0001:0000161a       mexAtExit                  000000018000261a f   libmex:libmex.dll
 0001:00001620       emlrtFirstTime             0000000180002620 f   libemlrt:libemlrt.dll
 0001:00001626       emlrtEnterRtStack          0000000180002626 f   libemlrt:libemlrt.dll
 0001:0000162c       emlrtExitTimeCleanup       000000018000262c f   libemlrt:libemlrt.dll
 0001:00001632       emlrtLeaveRtStack          0000000180002632 f   libemlrt:libemlrt.dll
 0001:00001638       emlrtPopRtStack            0000000180002638 f   libemlrt:libemlrt.dll
 0001:0000163e       emlrtPushRtStack           000000018000263e f   libemlrt:libemlrt.dll
 0001:00001644       emlrtAssign                0000000180002644 f   libemlrt:libemlrt.dll
 0001:0000164a       emlrtDestroyArray          000000018000264a f   libemlrt:libemlrt.dll
 0001:00001650       emlrtCheckBuiltInCtxR2011b 0000000180002650 f   libemlrt:libemlrt.dll
 0001:00001656       emlrtAlias                 0000000180002656 f   libemlrt:libemlrt.dll
 0001:0000165c       emlrtAliasP                000000018000265c f   libemlrt:libemlrt.dll
 0001:00001662       emlrtReturnArrayR2009a     0000000180002662 f   libemlrt:libemlrt.dll
 0001:00001668       emlrtClearAllocCount       0000000180002668 f   libemlrt:libemlrt.dll
 0001:0000166e       muSingleScalarAbs          000000018000266e f   libmwmathutil:libmwmathutil.dll
 0001:00001674       __GSHandlerCheckCommon     0000000180002674 f   MSVCRT:gshandler.obj
 0001:000016d8       __GSHandlerCheck           00000001800026d8 f   MSVCRT:gshandler.obj
 0001:00001710       __security_check_cookie    0000000180002710 f   MSVCRT:amdsecgs.obj
 0001:00001790       _CRT_INIT                  0000000180002790 f   MSVCRT:crtdll.obj
 0001:00001b28       _DllMainCRTStartup         0000000180002b28 f   MSVCRT:crtdll.obj
 0001:00001b68       __report_gsfailure         0000000180002b68 f   MSVCRT:gs_report.obj
 0001:00001cb4       __clean_type_info_names    0000000180002cb4 f   MSVCRT:tncleanup.obj
 0001:00001cc0       _onexit                    0000000180002cc0 f   MSVCRT:atonexit.obj
 0001:00001d70       atexit                     0000000180002d70 f   MSVCRT:atonexit.obj
 0001:00001d88       _RTC_Initialize            0000000180002d88 f   MSVCRT:_initsect_.obj
 0001:00001dc0       _RTC_Terminate             0000000180002dc0 f   MSVCRT:_initsect_.obj
 0001:00001e00       _ValidateImageBase         0000000180002e00 f   MSVCRT:pesect.obj
 0001:00001e30       _FindPESection             0000000180002e30 f   MSVCRT:pesect.obj
 0001:00001e80       _IsNonwritableInCurrentImage 0000000180002e80 f   MSVCRT:pesect.obj
 0001:00001ec2       _initterm                  0000000180002ec2 f   MSVCRT:MSVCR100.dll
 0001:00001ec8       _initterm_e                0000000180002ec8 f   MSVCRT:MSVCR100.dll
 0001:00001ece       _amsg_exit                 0000000180002ece f   MSVCRT:MSVCR100.dll
 0001:00001ed4       __C_specific_handler       0000000180002ed4 f   MSVCRT:MSVCR100.dll
 0001:00001eda       __CppXcptFilter            0000000180002eda f   MSVCRT:MSVCR100.dll
 0001:00001ee0       DllMain                    0000000180002ee0 f   MSVCRT:dllmain.obj
 0001:00001f04       __security_init_cookie     0000000180002f04 f   MSVCRT:gs_support.obj
 0001:00001fb8       __crt_debugger_hook        0000000180002fb8 f   MSVCRT:MSVCR100.dll
 0001:00001fbe       __clean_type_info_names_internal 0000000180002fbe f   MSVCRT:MSVCR100.dll
 0001:00001fc4       _unlock                    0000000180002fc4 f   MSVCRT:MSVCR100.dll
 0001:00001fca       __dllonexit                0000000180002fca f   MSVCRT:MSVCR100.dll
 0001:00001fd0       _lock                      0000000180002fd0 f   MSVCRT:MSVCR100.dll
 0001:00001fd6       RtlVirtualUnwind           0000000180002fd6 f   kernel32:KERNEL32.dll
 0001:00001fdc       RtlLookupFunctionEntry     0000000180002fdc f   kernel32:KERNEL32.dll
 0002:00000000       __imp_GetSystemTimeAsFileTime 0000000180004000     kernel32:KERNEL32.dll
 0002:00000008       __imp_GetCurrentProcessId  0000000180004008     kernel32:KERNEL32.dll
 0002:00000010       __imp_GetCurrentThreadId   0000000180004010     kernel32:KERNEL32.dll
 0002:00000018       __imp_GetTickCount         0000000180004018     kernel32:KERNEL32.dll
 0002:00000020       __imp_QueryPerformanceCounter 0000000180004020     kernel32:KERNEL32.dll
 0002:00000028       __imp_DisableThreadLibraryCalls 0000000180004028     kernel32:KERNEL32.dll
 0002:00000030       __imp_RtlCaptureContext    0000000180004030     kernel32:KERNEL32.dll
 0002:00000038       __imp_RtlLookupFunctionEntry 0000000180004038     kernel32:KERNEL32.dll
 0002:00000040       __imp_RtlVirtualUnwind     0000000180004040     kernel32:KERNEL32.dll
 0002:00000048       __imp_IsDebuggerPresent    0000000180004048     kernel32:KERNEL32.dll
 0002:00000050       __imp_SetUnhandledExceptionFilter 0000000180004050     kernel32:KERNEL32.dll
 0002:00000058       __imp_UnhandledExceptionFilter 0000000180004058     kernel32:KERNEL32.dll
 0002:00000060       __imp_GetCurrentProcess    0000000180004060     kernel32:KERNEL32.dll
 0002:00000068       __imp_TerminateProcess     0000000180004068     kernel32:KERNEL32.dll
 0002:00000070       __imp_Sleep                0000000180004070     kernel32:KERNEL32.dll
 0002:00000078       __imp_DecodePointer        0000000180004078     kernel32:KERNEL32.dll
 0002:00000080       __imp_EncodePointer        0000000180004080     kernel32:KERNEL32.dll
 0002:00000088       \177KERNEL32_NULL_THUNK_DATA 0000000180004088     kernel32:KERNEL32.dll
 0002:00000090       __imp__onexit              0000000180004090     MSVCRT:MSVCR100.dll
 0002:00000098       __imp__lock                0000000180004098     MSVCRT:MSVCR100.dll
 0002:000000a0       __imp___dllonexit          00000001800040a0     MSVCRT:MSVCR100.dll
 0002:000000a8       __imp__unlock              00000001800040a8     MSVCRT:MSVCR100.dll
 0002:000000b0       __imp___clean_type_info_names_internal 00000001800040b0     MSVCRT:MSVCR100.dll
 0002:000000b8       __imp___crt_debugger_hook  00000001800040b8     MSVCRT:MSVCR100.dll
 0002:000000c0       __imp___CppXcptFilter      00000001800040c0     MSVCRT:MSVCR100.dll
 0002:000000c8       __imp___C_specific_handler 00000001800040c8     MSVCRT:MSVCR100.dll
 0002:000000d0       __imp__malloc_crt          00000001800040d0     MSVCRT:MSVCR100.dll
 0002:000000d8       __imp__initterm            00000001800040d8     MSVCRT:MSVCR100.dll
 0002:000000e0       __imp__initterm_e          00000001800040e0     MSVCRT:MSVCR100.dll
 0002:000000e8       __imp_free                 00000001800040e8     MSVCRT:MSVCR100.dll
 0002:000000f0       __imp__encoded_null        00000001800040f0     MSVCRT:MSVCR100.dll
 0002:000000f8       __imp__amsg_exit           00000001800040f8     MSVCRT:MSVCR100.dll
 0002:00000100       \177MSVCR100_NULL_THUNK_DATA 0000000180004100     MSVCRT:MSVCR100.dll
 0002:00000108       __imp_emlrtExitTimeCleanup 0000000180004108     libemlrt:libemlrt.dll
 0002:00000110       __imp_emlrtFirstTime       0000000180004110     libemlrt:libemlrt.dll
 0002:00000118       __imp_emlrtClearAllocCount 0000000180004118     libemlrt:libemlrt.dll
 0002:00000120       __imp_emlrtReturnArrayR2009a 0000000180004120     libemlrt:libemlrt.dll
 0002:00000128       __imp_emlrtAliasP          0000000180004128     libemlrt:libemlrt.dll
 0002:00000130       __imp_emlrtAlias           0000000180004130     libemlrt:libemlrt.dll
 0002:00000138       __imp_emlrtCheckBuiltInCtxR2011b 0000000180004138     libemlrt:libemlrt.dll
 0002:00000140       __imp_emlrtDestroyArray    0000000180004140     libemlrt:libemlrt.dll
 0002:00000148       __imp_emlrtAssign          0000000180004148     libemlrt:libemlrt.dll
 0002:00000150       __imp_emlrtPushRtStack     0000000180004150     libemlrt:libemlrt.dll
 0002:00000158       __imp_emlrtPopRtStack      0000000180004158     libemlrt:libemlrt.dll
 0002:00000160       __imp_emlrtLeaveRtStack    0000000180004160     libemlrt:libemlrt.dll
 0002:00000168       __imp_emlrtEnterRtStack    0000000180004168     libemlrt:libemlrt.dll
 0002:00000170       \177libemlrt_NULL_THUNK_DATA 0000000180004170     libemlrt:libemlrt.dll
 0002:00000178       __imp_mexAtExit            0000000180004178     libmex:libmex.dll
 0002:00000180       __imp_mexErrMsgIdAndTxt    0000000180004180     libmex:libmex.dll
 0002:00000188       \177libmex_NULL_THUNK_DATA 0000000180004188     libmex:libmex.dll
 0002:00000190       __imp_muSingleScalarAbs    0000000180004190     libmwmathutil:libmwmathutil.dll
 0002:00000198       \177libmwmathutil_NULL_THUNK_DATA 0000000180004198     libmwmathutil:libmwmathutil.dll
 0002:000001a0       __imp_mxCreateStructMatrix_700 00000001800041a0     libmx:libmx.dll
 0002:000001a8       __imp_mxCreateLogicalMatrix_700 00000001800041a8     libmx:libmx.dll
 0002:000001b0       __imp_mxCreateString       00000001800041b0     libmx:libmx.dll
 0002:000001b8       __imp_mxSetFieldByNumber_700 00000001800041b8     libmx:libmx.dll
 0002:000001c0       __imp_mxCreateDoubleScalar 00000001800041c0     libmx:libmx.dll
 0002:000001c8       __imp_mxCreateNumericArray_700 00000001800041c8     libmx:libmx.dll
 0002:000001d0       __imp_mxGetData            00000001800041d0     libmx:libmx.dll
 0002:000001d8       \177libmx_NULL_THUNK_DATA  00000001800041d8     libmx:libmx.dll
 0002:000001e0       __xc_a                     00000001800041e0     MSVCRT:cinitexe.obj
 0002:000001e8       __xc_z                     00000001800041e8     MSVCRT:cinitexe.obj
 0002:000001f0       __xi_a                     00000001800041f0     MSVCRT:cinitexe.obj
 0002:00000200       __xi_z                     0000000180004200     MSVCRT:cinitexe.obj
 0002:00000210       ??_C@_0EC@EKKPEGIH@C?3?1Program?5Files?1MATLAB?1R2012a?1t@ 0000000180004210     KalmanPosition.obj
 0002:00000254       ??_C@_03JBOJOLOP@eye?$AA@  0000000180004254     KalmanPosition.obj
 0002:00000260       ??_C@_0FK@LJHBLPPB@C?3?1Program?5Files?1MATLAB?1R2012a?1t@ 0000000180004260     KalmanPosition.obj
 0002:000002c0       ??_C@_0BB@DFOOKCH@eml_refblas_xdot?$AA@ 00000001800042c0     KalmanPosition.obj
 0002:000002e0       ??_C@_0FI@JFIEENBP@C?3?1Program?5Files?1MATLAB?1R2012a?1t@ 00000001800042e0     KalmanPosition.obj
 0002:00000338       ??_C@_0O@IPJJFIMO@eml_blas_xdot?$AA@ 0000000180004338     KalmanPosition.obj
 0002:00000350       ??_C@_0EK@KFAMADHM@C?3?1Program?5Files?1MATLAB?1R2012a?1t@ 0000000180004350     KalmanPosition.obj
 0002:000003a0       ??_C@_08IABMPNNG@eml_xdot?$AA@ 00000001800043a0     KalmanPosition.obj
 0002:000003b0       ??_C@_0EL@OHJFJPME@C?3?1Program?5Files?1MATLAB?1R2012a?1t@ 00000001800043b0     KalmanPosition.obj
 0002:00000400       ??_C@_09DNHIOGKP@eml_xdotu?$AA@ 0000000180004400     KalmanPosition.obj
 0002:00000410       ??_C@_0ED@PAAIGHAP@C?3?1Program?5Files?1MATLAB?1R2012a?1t@ 0000000180004410     KalmanPosition.obj
 0002:00000454       ??_C@_06PCBFLGP@mtimes?$AA@ 0000000180004454     KalmanPosition.obj
 0002:00000460       ??_C@_0EB@MLCABGOL@H?3?10000_SAMA_PIXHAWK?106_Logging?1@ 0000000180004460     KalmanPosition.obj
 0002:000004a8       ??_C@_0P@CKFKGPEL@KalmanPosition?$AA@ 00000001800044a8     KalmanPosition.obj
 0002:000004b8       __real@3f800000            00000001800044b8     KalmanPosition.obj
 0002:000004cc       ??_C@_06EJFMBPJF@single?$AA@ 00000001800044cc     KalmanPosition_api.obj
 0002:000004d4       ??_C@_05BOGOCLFF@uint8?$AA@ 00000001800044d4     KalmanPosition_api.obj
 0002:000004dc       ??_C@_05BCPBNAGI@decay?$AA@ 00000001800044dc     KalmanPosition_api.obj
 0002:000004e4       ??_C@_06OKGKNKLG@thresh?$AA@ 00000001800044e4     KalmanPosition_api.obj
 0002:000004ec       ??_C@_01DGKLNCNG@R?$AA@    00000001800044ec     KalmanPosition_api.obj
 0002:000004f0       ??_C@_01BNIGIBBF@Q?$AA@    00000001800044f0     KalmanPosition_api.obj
 0002:000004f8       ??_C@_0L@EPNOLKIC@gps_update?$AA@ 00000001800044f8     KalmanPosition_api.obj
 0002:00000504       ??_C@_01GLPGHMHM@z?$AA@    0000000180004504     KalmanPosition_api.obj
 0002:00000508       ??_C@_01OMGOGALD@u?$AA@    0000000180004508     KalmanPosition_api.obj
 0002:00000510       ??_C@_0O@CAPBLDMD@P_aposteriori?$AA@ 0000000180004510     KalmanPosition_api.obj
 0002:00000520       ??_C@_0O@NOMMNFCN@x_aposteriori?$AA@ 0000000180004520     KalmanPosition_api.obj
 0002:00000530       ??_C@_01GFHCPBMG@C?$AA@    0000000180004530     KalmanPosition_api.obj
 0002:00000534       ??_C@_01HMGJMAIH@B?$AA@    0000000180004534     KalmanPosition_api.obj
 0002:00000538       ??_C@_01FHEEJDEE@A?$AA@    0000000180004538     KalmanPosition_api.obj
 0002:00000540       ??_C@_0CH@DLJMAEFE@emlcoder?3emlmex?3TooManyOutputArg@ 0000000180004540     KalmanPosition_mex.obj
 0002:00000568       ??_C@_0DM@HDOIBHC@Too?5many?5output?5arguments?5for?5en@ 0000000180004568     KalmanPosition_mex.obj
 0002:000005a8       ??_C@_0CE@IHHIPLIO@emlcoder?3emlmex?3WrongNumberOfInp@ 00000001800045a8     KalmanPosition_mex.obj
 0002:000005d0       ??_C@_0DF@EEMGPLPA@12?5inputs?5required?5for?5entry?9poi@ 00000001800045d0     KalmanPosition_mex.obj
 0002:00000608       ??_C@_0BE@KJFOAHGP@7?414?40?4739?5?$CIR2012a?$CJ?$AA@ 0000000180004608     KalmanPosition_mex.obj
 0002:00000620       __real@4000000000000000    0000000180004620     KalmanPosition_mex.obj
 0002:00000628       __real@4028000000000000    0000000180004628     KalmanPosition_mex.obj
 0002:00000630       ??_C@_0P@FDPDNMBC@ConstantInputs?$AA@ 0000000180004630     KalmanPosition_mex.obj
 0002:00000640       ??_C@_0BA@HBLCOFA@NumberOfOutputs?$AA@ 0000000180004640     KalmanPosition_mex.obj
 0002:00000650       ??_C@_0P@DJPKAEOC@NumberOfInputs?$AA@ 0000000180004650     KalmanPosition_mex.obj
 0002:00000660       ??_C@_04FABLJDN@Name?$AA@  0000000180004660     KalmanPosition_mex.obj
 0002:00000668       ??_C@_0M@HOOGCLMJ@EntryPoints?$AA@ 0000000180004668     KalmanPosition_mex.obj
 0002:00000678       ??_C@_07NGFJPNPN@Version?$AA@ 0000000180004678     KalmanPosition_mex.obj
 0002:00000680       _pDefaultRawDllMain        0000000180004680     MSVCRT:crtdll.obj
 0002:00000680       _pRawDllMain               0000000180004680     MSVCRT:crtdll.obj
 0002:00000698       __rtc_iaa                  0000000180004698     MSVCRT:_initsect_.obj
 0002:000006a0       __rtc_izz                  00000001800046a0     MSVCRT:_initsect_.obj
 0002:000006a8       __rtc_taa                  00000001800046a8     MSVCRT:_initsect_.obj
 0002:000006b0       __rtc_tzz                  00000001800046b0     MSVCRT:_initsect_.obj
 0002:000008ac       __IMPORT_DESCRIPTOR_libmx  00000001800048ac     libmx:libmx.dll
 0002:000008c0       __IMPORT_DESCRIPTOR_libmex 00000001800048c0     libmex:libmex.dll
 0002:000008d4       __IMPORT_DESCRIPTOR_libemlrt 00000001800048d4     libemlrt:libemlrt.dll
 0002:000008e8       __IMPORT_DESCRIPTOR_libmwmathutil 00000001800048e8     libmwmathutil:libmwmathutil.dll
 0002:000008fc       __IMPORT_DESCRIPTOR_MSVCR100 00000001800048fc     MSVCRT:MSVCR100.dll
 0002:00000910       __IMPORT_DESCRIPTOR_KERNEL32 0000000180004910     kernel32:KERNEL32.dll
 0002:00000924       __NULL_IMPORT_DESCRIPTOR   0000000180004924     libmx:libmx.dll
 0003:000000e0       emlrtContextGlobal         00000001800060e0     KalmanPosition_mex.obj
 0003:00000130       __security_cookie          0000000180006130     MSVCRT:gs_cookie.obj
 0003:00000138       __security_cookie_complement 0000000180006138     MSVCRT:gs_cookie.obj
 0003:00000140       _fltused                   0000000180006140     MSVCRT:dllsupp.obj
 0003:00000150       __native_dllmain_reason    0000000180006150     MSVCRT:natstart.obj
 0003:00000154       __native_vcclrit_reason    0000000180006154     MSVCRT:natstart.obj
 0003:000006e0       ?__type_info_root_node@@3U__type_info_node@@A 00000001800066e0     MSVCRT:tncleanup.obj
 0003:000006f0       __native_startup_state     00000001800066f0     <common>
 0003:000006f8       __native_startup_lock      00000001800066f8     <common>
 0003:00000700       __onexitend                0000000180006700     <common>
 0003:00000708       __onexitbegin              0000000180006708     <common>
 0003:00000710       __dyn_tls_init_callback    0000000180006710     <common>

 entry point at        0001:00001b28

 Static symbols

 0001:00000cb0       emlrt_marshallIn           0000000180001cb0 f   KalmanPosition_api.obj
 0001:00000d90       g_emlrt_marshallIn         0000000180001d90 f   KalmanPosition_api.obj
 0001:00001380       KalmanPosition_mexFunction 0000000180002380 f   KalmanPosition_mex.obj
 0001:00001730       pre_c_init                 0000000180002730 f   MSVCRT:crtdll.obj
 0001:000019ec       __DllMainCRTStartup        00000001800029ec f   MSVCRT:crtdll.obj
 0001:00001ff0       __DllMainCRTStartup$filt$0 0000000180002ff0 f   MSVCRT:crtdll.obj
 0001:00002020       __DllMainCRTStartup$fin$1  0000000180003020 f   MSVCRT:crtdll.obj
 0001:0000203a       _onexit$fin$0              000000018000303a f   MSVCRT:atonexit.obj
 0001:00002060       _IsNonwritableInCurrentImage$filt$0 0000000180003060 f   MSVCRT:pesect.obj
